device=cuda
/home/ubuntu/train_key_cnn.py:234: UserWarning: Converting a tensor with requires_grad=True to a scalar may lead to unexpected behavior.
Consider using tensor.detach() first. (Triggered internally at /pytorch/torch/csrc/autograd/generated/python_variable_methods.cpp:835.)
  tot += float(loss) * len(y)
fold0 ep01 loss=3.4201 val_weighted=0.1322
fold0 ep02 loss=3.2170 val_weighted=0.1648
fold0 ep03 loss=2.9079 val_weighted=0.3612
fold0 ep04 loss=2.1843 val_weighted=0.5531
fold0 ep05 loss=1.7515 val_weighted=0.5784
fold0 ep06 loss=1.6093 val_weighted=0.6114
fold0 ep07 loss=1.5371 val_weighted=0.6604
fold0 ep08 loss=1.5450 val_weighted=0.6491
fold0 ep09 loss=1.4918 val_weighted=0.6689
fold0 ep10 loss=1.4639 val_weighted=0.6795
fold0 ep11 loss=1.4021 val_weighted=0.6593
fold0 ep12 loss=1.3733 val_weighted=0.6341
fold0 ep13 loss=1.3163 val_weighted=0.6905
fold0 ep14 loss=1.3575 val_weighted=0.6736
fold0 ep15 loss=1.3337 val_weighted=0.6608
fold0 ep16 loss=1.3593 val_weighted=0.6700
fold0 ep17 loss=1.3557 val_weighted=0.6484
fold0 ep18 loss=1.3266 val_weighted=0.6597
fold0 ep19 loss=1.2838 val_weighted=0.7011
fold0 ep20 loss=1.2749 val_weighted=0.6872
fold0 ep21 loss=1.2616 val_weighted=0.6784
fold0 ep22 loss=1.2386 val_weighted=0.6696
fold0 ep23 loss=1.2639 val_weighted=0.6564
fold0 ep24 loss=1.2478 val_weighted=0.7026
fold0 ep25 loss=1.2799 val_weighted=0.6846
fold0 ep26 loss=1.2041 val_weighted=0.6736
fold0 ep27 loss=1.2225 val_weighted=0.6725
fold0 ep28 loss=1.2308 val_weighted=0.6762
fold0 ep29 loss=1.1884 val_weighted=0.6927
fold0 ep30 loss=1.1584 val_weighted=0.6817
fold0 ep31 loss=1.1566 val_weighted=0.6762
fold0 ep32 loss=1.1485 val_weighted=0.6886
fold0 ep33 loss=1.1347 val_weighted=0.6604
fold0 ep34 loss=1.1562 val_weighted=0.7062
fold0 ep35 loss=1.1342 val_weighted=0.6879
fold0 ep36 loss=1.1037 val_weighted=0.6751
fold0 ep37 loss=1.0844 val_weighted=0.6956
fold0 ep38 loss=1.1063 val_weighted=0.6861
fold0 ep39 loss=1.0965 val_weighted=0.6978
fold0 ep40 loss=1.1056 val_weighted=0.6788
fold0 ep41 loss=1.0924 val_weighted=0.7015
fold0 ep42 loss=1.0225 val_weighted=0.6934
fold0 ep43 loss=1.0667 val_weighted=0.7040
fold0 ep44 loss=1.0429 val_weighted=0.6985
fold0 ep45 loss=1.0269 val_weighted=0.7125
fold0 ep46 loss=1.0223 val_weighted=0.6974
fold0 ep47 loss=1.0560 val_weighted=0.6674
fold0 ep48 loss=1.0164 val_weighted=0.6861
fold0 ep49 loss=1.0300 val_weighted=0.7139
fold0 ep50 loss=0.9604 val_weighted=0.7106
fold0 ep51 loss=0.9660 val_weighted=0.7018
fold0 ep52 loss=0.9793 val_weighted=0.7055
fold0 ep53 loss=1.0069 val_weighted=0.6846
fold0 ep54 loss=0.9562 val_weighted=0.7044
fold0 ep55 loss=0.9591 val_weighted=0.6711
fold0 ep56 loss=0.9578 val_weighted=0.7154
fold0 ep57 loss=0.9081 val_weighted=0.6938
fold0 ep58 loss=0.9166 val_weighted=0.6956
fold0 ep59 loss=0.9268 val_weighted=0.7011
fold0 ep60 loss=0.9088 val_weighted=0.7106
fold0 ep61 loss=0.9166 val_weighted=0.6916
fold0 ep62 loss=0.8679 val_weighted=0.7077
fold0 ep63 loss=0.8679 val_weighted=0.7103
fold0 ep64 loss=0.8520 val_weighted=0.6934
fold0 ep65 loss=0.8572 val_weighted=0.7132
fold0 ep66 loss=0.8283 val_weighted=0.7040
fold0 ep67 loss=0.8192 val_weighted=0.6846
fold0 ep68 loss=0.8453 val_weighted=0.7139
fold0 ep69 loss=0.7863 val_weighted=0.6601
fold0 ep70 loss=0.7981 val_weighted=0.6861
fold0 ep71 loss=0.7878 val_weighted=0.7194
fold0 ep72 loss=0.7586 val_weighted=0.7161
fold0 ep73 loss=0.7753 val_weighted=0.6985
fold0 ep74 loss=0.7630 val_weighted=0.7073
fold0 ep75 loss=0.7537 val_weighted=0.7011
fold0 ep76 loss=0.7800 val_weighted=0.7147
fold0 ep77 loss=0.7668 val_weighted=0.7022
fold0 ep78 loss=0.7247 val_weighted=0.6861
fold0 ep79 loss=0.7396 val_weighted=0.6897
fold0 ep80 loss=0.6792 val_weighted=0.6813
fold0 ep81 loss=0.6788 val_weighted=0.6919
fold0 ep82 loss=0.6759 val_weighted=0.6780
fold0 ep83 loss=0.6773 val_weighted=0.6839
fold0 ep84 loss=0.6840 val_weighted=0.6945
fold0 ep85 loss=0.6900 val_weighted=0.6952
fold0 ep86 loss=0.6743 val_weighted=0.6828
fold1 ep01 loss=3.4671 val_weighted=0.1198
fold1 ep02 loss=3.1565 val_weighted=0.2330
fold1 ep03 loss=2.6583 val_weighted=0.4538
fold1 ep04 loss=1.8702 val_weighted=0.5498
fold1 ep05 loss=1.6647 val_weighted=0.6088
fold1 ep06 loss=1.6220 val_weighted=0.5897
fold1 ep07 loss=1.5524 val_weighted=0.6304
fold1 ep08 loss=1.5272 val_weighted=0.6238
fold1 ep09 loss=1.4236 val_weighted=0.6337
fold1 ep10 loss=1.4700 val_weighted=0.6308
fold1 ep11 loss=1.4112 val_weighted=0.6403
fold1 ep12 loss=1.3799 val_weighted=0.6381
fold1 ep13 loss=1.4284 val_weighted=0.6355
fold1 ep14 loss=1.3835 val_weighted=0.6553
fold1 ep15 loss=1.3566 val_weighted=0.6806
fold1 ep16 loss=1.3047 val_weighted=0.6535
fold1 ep17 loss=1.2978 val_weighted=0.6201
fold1 ep18 loss=1.2784 val_weighted=0.6322
fold1 ep19 loss=1.2682 val_weighted=0.6531
fold1 ep20 loss=1.2812 val_weighted=0.6458
fold1 ep21 loss=1.2878 val_weighted=0.6758
fold1 ep22 loss=1.2679 val_weighted=0.6700
fold1 ep23 loss=1.2048 val_weighted=0.6407
fold1 ep24 loss=1.2423 val_weighted=0.6861
fold1 ep25 loss=1.2071 val_weighted=0.6762
fold1 ep26 loss=1.1919 val_weighted=0.6652
fold1 ep27 loss=1.1573 val_weighted=0.6663
fold1 ep28 loss=1.1485 val_weighted=0.6868
fold1 ep29 loss=1.1800 val_weighted=0.6674
fold1 ep30 loss=1.1185 val_weighted=0.6703
fold1 ep31 loss=1.1031 val_weighted=0.6722
fold1 ep32 loss=1.1130 val_weighted=0.6659
fold1 ep33 loss=1.1056 val_weighted=0.6579
fold1 ep34 loss=1.1586 val_weighted=0.6824
fold1 ep35 loss=1.1425 val_weighted=0.6370
fold1 ep36 loss=1.1218 val_weighted=0.6564
fold1 ep37 loss=1.0378 val_weighted=0.6817
fold1 ep38 loss=1.0541 val_weighted=0.6590
fold1 ep39 loss=1.0662 val_weighted=0.6707
fold1 ep40 loss=1.0636 val_weighted=0.6886
fold1 ep41 loss=1.0117 val_weighted=0.6678
fold1 ep42 loss=1.0648 val_weighted=0.6857
fold1 ep43 loss=1.0637 val_weighted=0.6729
fold1 ep44 loss=0.9939 val_weighted=0.6828
fold1 ep45 loss=1.0219 val_weighted=0.6780
fold1 ep46 loss=0.9866 val_weighted=0.6883
fold1 ep47 loss=1.0534 val_weighted=0.6846
fold1 ep48 loss=0.9801 val_weighted=0.6538
fold1 ep49 loss=0.9709 val_weighted=0.6901
fold1 ep50 loss=0.9785 val_weighted=0.6927
fold1 ep51 loss=0.9688 val_weighted=0.6751
fold1 ep52 loss=0.9859 val_weighted=0.6733
fold1 ep53 loss=0.9360 val_weighted=0.6645
fold1 ep54 loss=0.9519 val_weighted=0.6692
fold1 ep55 loss=0.9292 val_weighted=0.6788
fold1 ep56 loss=0.9084 val_weighted=0.6579
fold1 ep57 loss=0.8929 val_weighted=0.6868
fold1 ep58 loss=0.9166 val_weighted=0.6780
fold1 ep59 loss=0.9246 val_weighted=0.6615
fold1 ep60 loss=0.9006 val_weighted=0.6524
fold1 ep61 loss=0.8858 val_weighted=0.6703
fold1 ep62 loss=0.8722 val_weighted=0.6542
fold1 ep63 loss=0.8481 val_weighted=0.6579
fold1 ep64 loss=0.8429 val_weighted=0.6487
fold1 ep65 loss=0.8478 val_weighted=0.6692
fold2 ep01 loss=3.4521 val_weighted=0.1286
fold2 ep02 loss=3.1773 val_weighted=0.2388
fold2 ep03 loss=2.4939 val_weighted=0.5447
fold2 ep04 loss=1.8186 val_weighted=0.5692
fold2 ep05 loss=1.6615 val_weighted=0.6194
fold2 ep06 loss=1.5919 val_weighted=0.6440
fold2 ep07 loss=1.4968 val_weighted=0.6495
fold2 ep08 loss=1.5030 val_weighted=0.6216
fold2 ep09 loss=1.4796 val_weighted=0.6359
fold2 ep10 loss=1.4838 val_weighted=0.6590
fold2 ep11 loss=1.4186 val_weighted=0.6590
fold2 ep12 loss=1.3101 val_weighted=0.6692
fold2 ep13 loss=1.3565 val_weighted=0.6341
fold2 ep14 loss=1.3069 val_weighted=0.6381
fold2 ep15 loss=1.2998 val_weighted=0.6476
fold2 ep16 loss=1.3295 val_weighted=0.6601
fold2 ep17 loss=1.3170 val_weighted=0.6388
fold2 ep18 loss=1.2996 val_weighted=0.6531
fold2 ep19 loss=1.2614 val_weighted=0.7092
fold2 ep20 loss=1.3013 val_weighted=0.6758
fold2 ep21 loss=1.2637 val_weighted=0.6615
fold2 ep22 loss=1.2811 val_weighted=0.6810
fold2 ep23 loss=1.2321 val_weighted=0.6689
fold2 ep24 loss=1.2239 val_weighted=0.6810
fold2 ep25 loss=1.2529 val_weighted=0.6828
fold2 ep26 loss=1.2176 val_weighted=0.7282
fold2 ep27 loss=1.1791 val_weighted=0.6949
fold2 ep28 loss=1.1530 val_weighted=0.6883
fold2 ep29 loss=1.1467 val_weighted=0.6810
fold2 ep30 loss=1.1801 val_weighted=0.6652
fold2 ep31 loss=1.1331 val_weighted=0.6864
fold2 ep32 loss=1.1069 val_weighted=0.6703
fold2 ep33 loss=1.1344 val_weighted=0.6908
fold2 ep34 loss=1.1219 val_weighted=0.6813
fold2 ep35 loss=1.1195 val_weighted=0.6890
fold2 ep36 loss=1.0717 val_weighted=0.6839
fold2 ep37 loss=1.0602 val_weighted=0.6949
fold2 ep38 loss=1.0565 val_weighted=0.6821
fold2 ep39 loss=1.0712 val_weighted=0.6777
fold2 ep40 loss=1.0758 val_weighted=0.6993
fold2 ep41 loss=1.0137 val_weighted=0.6982
fold3 ep01 loss=3.4074 val_weighted=0.1022
fold3 ep02 loss=3.2098 val_weighted=0.1165
fold3 ep03 loss=2.9541 val_weighted=0.3801
fold3 ep04 loss=2.5019 val_weighted=0.5382
fold3 ep05 loss=2.0340 val_weighted=0.5320
fold3 ep06 loss=1.7559 val_weighted=0.6460
fold3 ep07 loss=1.6377 val_weighted=0.6188
fold3 ep08 loss=1.4918 val_weighted=0.6732
fold3 ep09 loss=1.4935 val_weighted=0.6312
fold3 ep10 loss=1.5052 val_weighted=0.6559
fold3 ep11 loss=1.4768 val_weighted=0.6853
fold3 ep12 loss=1.4005 val_weighted=0.6574
fold3 ep13 loss=1.4150 val_weighted=0.6743
fold3 ep14 loss=1.3266 val_weighted=0.6794
fold3 ep15 loss=1.3853 val_weighted=0.6842
fold3 ep16 loss=1.3523 val_weighted=0.6985
fold3 ep17 loss=1.3272 val_weighted=0.6934
fold3 ep18 loss=1.2896 val_weighted=0.6904
fold3 ep19 loss=1.2527 val_weighted=0.6423
fold3 ep20 loss=1.2538 val_weighted=0.6945
fold3 ep21 loss=1.2558 val_weighted=0.6746
fold3 ep22 loss=1.2316 val_weighted=0.7110
fold3 ep23 loss=1.2793 val_weighted=0.7125
fold3 ep24 loss=1.2340 val_weighted=0.6827
fold3 ep25 loss=1.1869 val_weighted=0.6860
fold3 ep26 loss=1.1973 val_weighted=0.7121
fold3 ep27 loss=1.2448 val_weighted=0.6765
fold3 ep28 loss=1.2094 val_weighted=0.7110
fold3 ep29 loss=1.1724 val_weighted=0.6926
fold3 ep30 loss=1.1798 val_weighted=0.6827
fold3 ep31 loss=1.1921 val_weighted=0.6879
fold3 ep32 loss=1.1465 val_weighted=0.7007
fold3 ep33 loss=1.1394 val_weighted=0.6912
fold3 ep34 loss=1.1373 val_weighted=0.7099
fold3 ep35 loss=1.0804 val_weighted=0.7085
fold3 ep36 loss=1.1320 val_weighted=0.7055
fold3 ep37 loss=1.1137 val_weighted=0.6967
fold3 ep38 loss=1.1184 val_weighted=0.7037
fold4 ep01 loss=3.3804 val_weighted=0.1379
fold4 ep02 loss=3.1109 val_weighted=0.1625
fold4 ep03 loss=2.7171 val_weighted=0.4143
fold4 ep04 loss=2.0090 val_weighted=0.5493
fold4 ep05 loss=1.7976 val_weighted=0.5312
fold4 ep06 loss=1.6432 val_weighted=0.6151
fold4 ep07 loss=1.6002 val_weighted=0.5967
fold4 ep08 loss=1.5217 val_weighted=0.6235
fold4 ep09 loss=1.4728 val_weighted=0.6544
fold4 ep10 loss=1.4421 val_weighted=0.6559
fold4 ep11 loss=1.4100 val_weighted=0.6754
fold4 ep12 loss=1.3484 val_weighted=0.6636
fold4 ep13 loss=1.3755 val_weighted=0.6732
fold4 ep14 loss=1.3289 val_weighted=0.6739
fold4 ep15 loss=1.3890 val_weighted=0.6618
fold4 ep16 loss=1.3554 val_weighted=0.6765
fold4 ep17 loss=1.3343 val_weighted=0.6985
fold4 ep18 loss=1.3267 val_weighted=0.6941
fold4 ep19 loss=1.3363 val_weighted=0.6651
fold4 ep20 loss=1.2632 val_weighted=0.6768
fold4 ep21 loss=1.2607 val_weighted=0.6500
fold4 ep22 loss=1.2979 val_weighted=0.6809
fold4 ep23 loss=1.2130 val_weighted=0.6662
fold4 ep24 loss=1.2530 val_weighted=0.6912
fold4 ep25 loss=1.2475 val_weighted=0.6824
fold4 ep26 loss=1.2039 val_weighted=0.6890
fold4 ep27 loss=1.2059 val_weighted=0.6857
fold4 ep28 loss=1.1862 val_weighted=0.6776
fold4 ep29 loss=1.2389 val_weighted=0.6643
fold4 ep30 loss=1.1291 val_weighted=0.6735
fold4 ep31 loss=1.1888 val_weighted=0.6842
fold4 ep32 loss=1.1344 val_weighted=0.6857
CV: {"width": 2.0, "folds": [{"best_weighted": 0.7194139194139193, "best_epoch": 71}, {"best_weighted": 0.6926739926739928, "best_epoch": 50}, {"best_weighted": 0.7282051282051282, "best_epoch": 26}, {"best_weighted": 0.7125, "best_epoch": 23}, {"best_weighted": 0.6985294117647058, "best_epoch": 17}], "cv_weighted_mean": 0.7102644904115492, "median_best_epoch": 26}
final ep01/26
final ep02/26
final ep03/26
final ep04/26
final ep05/26
final ep06/26
final ep07/26
final ep08/26
final ep09/26
final ep10/26
final ep11/26
final ep12/26
final ep13/26
final ep14/26
final ep15/26
final ep16/26
final ep17/26
final ep18/26
final ep19/26
